<MainNode>
	<SequenceNode>
		<AssignmentNode> =
			<VariableNode> i
			<IntNode> 0
		<SequenceNode>
			<AssignmentNode> =
				<VariableNode> j
				<IntNode> 12
			<WhileNode> while
				<BracketNode> ()
					<NotNode> !
						<BracketNode> ()
							<GreaterNode> >
								<VariableNode> i
								<IntNode> 7
				<BlockNode> {}
					<SequenceNode>
						<IfNode> if
							<BracketNode> ()
								<GreaterNode> >
									<VariableNode> i
									<IntNode> 2
							<BlockNode> {}
								<AssignmentNode> =
									<VariableNode> j
									<PlusNode> +
										<VariableNode> j
										<VariableNode> k
							<BlockNode> {}
						<AssignmentNode> =
							<VariableNode> i
							<PlusNode> +
								<VariableNode> i
								<IntNode> 1
