<MainNode>
	<SequenceNode>
		<AssignmentNode> =
			<VariableNode> i
			<IntNode> 100
		<SequenceNode>
			<AssignmentNode> =
				<VariableNode> j
				<IntNode> 10
			<SequenceNode>
				<AssignmentNode> =
					<VariableNode> l
					<IntNode> 1
				<SequenceNode>
					<AssignmentNode> =
						<VariableNode> k
						<PlusNode> +
							<PlusNode> +
								<DivNode> /
									<BracketNode> ()
										<PlusNode> +
											<VariableNode> i
											<VariableNode> j
									<IntNode> 9
								<DivNode> /
									<VariableNode> j
									<IntNode> 2
							<DivNode> /
								<IntNode> 6
								<IntNode> 2
					<AssignmentNode> =
						<VariableNode> l
						<PlusNode> +
							<PlusNode> +
								<PlusNode> +
									<VariableNode> l
									<IntNode> 1
								<VariableNode> l
							<IntNode> 1
